Downloading public/images/catalog/women/trouser.jpg...
Failed (Rate limited or error). Sleeping 12s...
Downloading public/images/catalog/women/trouser.jpg...
Failed (Rate limited or error). Sleeping 12s...
Downloading public/images/catalog/women/trouser.jpg...
Failed (Rate limited or error). Sleeping 12s...
Downloading public/images/catalog/women/trouser.jpg...
Failed (Rate limited or error). Sleeping 12s...
Downloading public/images/catalog/women/trouser.jpg...
Failed (Rate limited or error). Sleeping 12s...
Downloading public/images/catalog/women/trouser.jpg...
Failed (Rate limited or error). Sleeping 12s...
Downloading public/images/catalog/women/trouser.jpg...
Failed (Rate limited or error). Sleeping 12s...
Downloading public/images/catalog/women/trouser.jpg...
Failed (Rate limited or error). Sleeping 12s...
Downloading public/images/catalog/women/trouser.jpg...
Failed (Rate limited or error). Sleeping 12s...
Downloading public/images/catalog/women/trouser.jpg...
Failed (Rate limited or error). Sleeping 12s...
Downloading public/images/catalog/women/trouser.jpg...
Failed (Rate limited or error). Sleeping 12s...
Downloading public/images/catalog/women/trouser.jpg...
Failed (Rate limited or error). Sleeping 12s...
Downloading public/images/catalog/women/trouser.jpg...
Failed (Rate limited or error). Sleeping 12s...
Downloading public/images/catalog/women/trouser.jpg...
Failed (Rate limited or error). Sleeping 12s...
Downloading public/images/catalog/women/trouser.jpg...
Failed (Rate limited or error). Sleeping 12s...
Downloading public/images/catalog/women/trouser.jpg...
Failed (Rate limited or error). Sleeping 12s...
Downloading public/images/catalog/women/trouser.jpg...
Failed (Rate limited or error). Sleeping 12s...
Downloading public/images/catalog/women/trouser.jpg...
Failed (Rate limited or error). Sleeping 12s...
Downloading public/images/catalog/women/trouser.jpg...
Failed (Rate limited or error). Sleeping 12s...
Downloading public/images/catalog/women/trouser.jpg...
Failed (Rate limited or error). Sleeping 12s...
Downloading public/images/catalog/women/trouser.jpg...
Failed (Rate limited or error). Sleeping 12s...
Downloading public/images/catalog/women/trouser.jpg...
Success!
Downloading public/images/catalog/women/dress.jpg...
Success!
Downloading public/images/catalog/women/blazer.jpg...
Success!
Downloading public/images/catalog/men/shirt.jpg...
Success!
Downloading public/images/catalog/men/trouser.jpg...
Success!
Downloading public/images/catalog/men/suit.jpg...
Success!
Downloading public/images/catalog/men/waistcoat.jpg...
Success!
Downloading public/images/catalog/men/kurta.jpg...
Success!
Downloading public/images/catalog/men/sherwani.jpg...
Success!
